// Jest Snapshot v1, https://goo.gl/fbAQLP

exports[`<SelectBox_Option_SingleLine/> should render correctly. 1`] = `
<ThemedListPreviewElement
  className=""
  composeTheme="deeply"
  mapThemrProps={[Function]}
  onClick={[MockFunction]}
  option={
    Object {
      "label": "Foo label",
    }
  }
>
  <span>
    Foo label
  </span>
</ThemedListPreviewElement>
`;
