// Jest Snapshot v1, https://goo.gl/fbAQLP

exports[`<SelectBox_Option_SingleLine/> should render correctly. 1`] = `
<ThemedListPreviewElement
  ListPreviewElement={[Function]}
  className=""
  composeTheme="deeply"
  label="Foo label"
  mapThemrProps={[Function]}
  onClick={[MockFunction]}
  option={
    Object {
      "label": "",
    }
  }
  theme={Object {}}
>
  <span />
</ThemedListPreviewElement>
`;
